-----------------------------------------------------------------------------------
DateTime: 02.07.2026 04:20:34:676 +02:00; PID: 59054
This file contains the stderr stream of the Minecraft process logged to a file.
It does not include stdout or log (log4j) messages to avoid performance impact.
-----------------------------------------------------------------------------------
[04:20:34:847] [STDERR]: WARNING: A restricted method in java.lang.System has been called
[04:20:34:847] [STDERR]: WARNING: java.lang.System::load has been called by com.sun.jna.Native in an unnamed module (file:/Users/gottfrid.nordstrom@live.vasteras.se/Library/Application%20Support/PrismLauncher/libraries/net/java/dev/jna/jna/5.18.1/jna-5.18.1.jar)
[04:20:34:847] [STDERR]: WARNING: Use --enable-native-access=ALL-UNNAMED to avoid a warning for callers in this module
[04:20:34:847] [STDERR]: WARNING: Restricted methods will be blocked in a future release unless native access is enabled
[04:20:34:847] [STDERR]: 
[04:20:37:487] [STDERR]: java.lang.invoke.WrongMethodTypeException: handle's method type ()PrefixTrie but found (LaunchClassLoader)Set
[04:20:37:487] [STDERR]: 	at java.base/java.lang.invoke.Invokers.newWrongMethodTypeException(Invokers.java:522)
[04:20:37:487] [STDERR]: 	at java.base/java.lang.invoke.Invokers.checkExactType(Invokers.java:531)
[04:20:37:487] [STDERR]: 	at mirror.normalasm.NormalReflector.<clinit>(NormalReflector.java:34)
[04:20:37:487] [STDERR]: 	at mirror.normalasm.core.NormalFMLCallHook.call(NormalFMLCallHook.java:28)
[04:20:37:487] [STDERR]: 	at mirror.normalasm.core.NormalFMLCallHook.call(NormalFMLCallHook.java:20)
[04:20:37:487] [STDERR]: 	at net.minecraftforge.fml.relauncher.CoreModManager$FMLPluginWrapper.injectIntoClassLoader(CoreModManager.java:155)
[04:20:37:487] [STDERR]: 	at top.outlands.foundation.LaunchHandler.launch(LaunchHandler.java:107)
[04:20:37:487] [STDERR]: 	at top.outlands.foundation.boot.Foundation.main(Foundation.java:43)
[04:20:37:487] [STDERR]: 	at org.prismlauncher.launcher.impl.StandardLauncher.launch(StandardLauncher.java:115)
[04:20:37:487] [STDERR]: 	at org.prismlauncher.EntryPoint.listen(EntryPoint.java:129)
[04:20:37:487] [STDERR]: 	at org.prismlauncher.EntryPoint.main(EntryPoint.java:70)
[04:20:37:488] [STDERR]: java.lang.IllegalAccessException: static final field has no write access: top.outlands.foundation.boot.ActualClassLoader.transformerExceptions/top.outlands.foundation.trie.PrefixTrie/putStatic, from class mirror.normalasm.NormalReflector (unnamed module @e8df99a)
[04:20:37:488] [STDERR]: 	at java.base/java.lang.invoke.MemberName.makeAccessException(MemberName.java:889)
[04:20:37:488] [STDERR]: 	at java.base/java.lang.invoke.MethodHandles$Lookup.unreflectField(MethodHandles.java:3441)
[04:20:37:488] [STDERR]: 	at java.base/java.lang.invoke.MethodHandles$Lookup.unreflectSetter(MethodHandles.java:3432)
[04:20:37:488] [STDERR]: 	at mirror.normalasm.NormalReflector.resolveFieldSetter(NormalReflector.java:162)
[04:20:37:488] [STDERR]: 	at mirror.normalasm.NormalReflector.<clinit>(NormalReflector.java:40)
[04:20:37:488] [STDERR]: 	at mirror.normalasm.core.NormalFMLCallHook.call(NormalFMLCallHook.java:28)
[04:20:37:488] [STDERR]: 	at mirror.normalasm.core.NormalFMLCallHook.call(NormalFMLCallHook.java:20)
[04:20:37:488] [STDERR]: 	at net.minecraftforge.fml.relauncher.CoreModManager$FMLPluginWrapper.injectIntoClassLoader(CoreModManager.java:155)
[04:20:37:488] [STDERR]: 	at top.outlands.foundation.LaunchHandler.launch(LaunchHandler.java:107)
[04:20:37:488] [STDERR]: 	at top.outlands.foundation.boot.Foundation.main(Foundation.java:43)
[04:20:37:488] [STDERR]: 	at org.prismlauncher.launcher.impl.StandardLauncher.launch(StandardLauncher.java:115)
[04:20:37:488] [STDERR]: 	at org.prismlauncher.EntryPoint.listen(EntryPoint.java:129)
[04:20:37:488] [STDERR]: 	at org.prismlauncher.EntryPoint.main(EntryPoint.java:70)
[04:20:37:488] [STDERR]: java.lang.NullPointerException: Cannot invoke "java.lang.invoke.MethodHandle.invoke(net.minecraft.launchwrapper.LaunchClassLoader, mirror.normalasm.api.datastructures.CaptureSet)" because the return value of "mirror.normalasm.NormalReflector.resolveFieldSetter(java.lang.Class, String)" is null
[04:20:37:488] [STDERR]: 	at mirror.normalasm.NormalReflector.<clinit>(NormalReflector.java:40)
[04:20:37:488] [STDERR]: 	at mirror.normalasm.core.NormalFMLCallHook.call(NormalFMLCallHook.java:28)
[04:20:37:488] [STDERR]: 	at mirror.normalasm.core.NormalFMLCallHook.call(NormalFMLCallHook.java:20)
[04:20:37:488] [STDERR]: 	at net.minecraftforge.fml.relauncher.CoreModManager$FMLPluginWrapper.injectIntoClassLoader(CoreModManager.java:155)
[04:20:37:488] [STDERR]: 	at top.outlands.foundation.LaunchHandler.launch(LaunchHandler.java:107)
[04:20:37:488] [STDERR]: 	at top.outlands.foundation.boot.Foundation.main(Foundation.java:43)
[04:20:37:488] [STDERR]: 	at org.prismlauncher.launcher.impl.StandardLauncher.launch(StandardLauncher.java:115)
[04:20:37:488] [STDERR]: 	at org.prismlauncher.EntryPoint.listen(EntryPoint.java:129)
[04:20:37:488] [STDERR]: 	at org.prismlauncher.EntryPoint.main(EntryPoint.java:70)
[04:20:37:488] [STDERR]: java.lang.invoke.WrongMethodTypeException: handle's method type (ActualClassLoader,Map)void but found (LaunchClassLoader,Map)void
[04:20:37:488] [STDERR]: 	at java.base/java.lang.invoke.Invokers.newWrongMethodTypeException(Invokers.java:522)
[04:20:37:488] [STDERR]: 	at java.base/java.lang.invoke.Invokers.checkExactType(Invokers.java:531)
[04:20:37:488] [STDERR]: 	at mirror.normalasm.core.NormalFMLCallHook.call(NormalFMLCallHook.java:28)
[04:20:37:488] [STDERR]: 	at mirror.normalasm.core.NormalFMLCallHook.call(NormalFMLCallHook.java:20)
[04:20:37:488] [STDERR]: 	at net.minecraftforge.fml.relauncher.CoreModManager$FMLPluginWrapper.injectIntoClassLoader(CoreModManager.java:155)
[04:20:37:488] [STDERR]: 	at top.outlands.foundation.LaunchHandler.launch(LaunchHandler.java:107)
[04:20:37:488] [STDERR]: 	at top.outlands.foundation.boot.Foundation.main(Foundation.java:43)
[04:20:37:488] [STDERR]: 	at org.prismlauncher.launcher.impl.StandardLauncher.launch(StandardLauncher.java:115)
[04:20:37:488] [STDERR]: 	at org.prismlauncher.EntryPoint.listen(EntryPoint.java:129)
[04:20:37:488] [STDERR]: 	at org.prismlauncher.EntryPoint.main(EntryPoint.java:70)
[04:20:37:578] [STDERR]: WARNING: A terminally deprecated method in sun.misc.Unsafe has been called
[04:20:37:578] [STDERR]: WARNING: sun.misc.Unsafe::arrayBaseOffset has been called by com.esotericsoftware.kryo.unsafe.UnsafeUtil (jar:file:/Users/gottfrid.nordstrom@live.vasteras.se/Library/Application%20Support/PrismLauncher/instances/Emergent-Engineering/minecraft/mods/vintagefix-0.7.0.jar!/com/esotericsoftware/kryo/unsafe/UnsafeUtil.class)
[04:20:37:578] [STDERR]: WARNING: Please consider reporting this to the maintainers of class com.esotericsoftware.kryo.unsafe.UnsafeUtil
[04:20:37:578] [STDERR]: WARNING: sun.misc.Unsafe::arrayBaseOffset will be removed in a future release
[04:20:48:714] [STDERR]: 2026-07-02T02:20:48.714354Z Client thread WARN found 3 argument placeholders, but provided 4 for pattern `Discarding sythetic bridge method {} in {} because existing method in {} is compatible`
[04:20:58:154] [STDERR]: java.io.FileNotFoundException: https://raw.githubusercontent.com/ValkyrieofNight/ValkyrieLib/ValkyrieofNight-supporters/supporters.json
[04:20:58:154] [STDERR]: 	at java.base/sun.net.www.protocol.http.HttpURLConnection.getInputStream0(HttpURLConnection.java:1709)
[04:20:58:154] [STDERR]: 	at java.base/sun.net.www.protocol.http.HttpURLConnection.getInputStream(HttpURLConnection.java:1305)
[04:20:58:154] [STDERR]: 	at java.base/sun.net.www.protocol.https.HttpsURLConnectionImpl.getInputStream(HttpsURLConnectionImpl.java:223)
[04:20:58:154] [STDERR]: 	at java.base/java.net.URL.openStream(URL.java:1263)
[04:20:58:154] [STDERR]: 	at com.valkyrieofnight.vlib.supporters.registry.JsonSupporterRegistry.download(JsonSupporterRegistry.java:60)
[04:20:58:154] [STDERR]: 	at com.valkyrieofnight.vlib.supporters.registry.JsonSupporterRegistry.loadRegistryData(JsonSupporterRegistry.java:39)
[04:20:58:154] [STDERR]: 	at com.valkyrieofnight.vlib.supporters.download.SupporterRegistryThread.run(SupporterRegistryThread.java:18)
[04:20:58:684] [STDERR]: java.lang.NullPointerException: Cannot invoke "net.minecraft.server.MinecraftServer.func_71266_T()" because the return value of "net.minecraftforge.fml.common.FMLCommonHandler.getMinecraftServerInstance()" is null
[04:20:58:684] [STDERR]: 	at com.boydti.fawe.forge.FaweForge.isOnlineMode(FaweForge.java:66)
[04:20:58:684] [STDERR]: 	at com.boydti.fawe.util.metrics.BStats.<init>(BStats.java:68)
[04:20:58:684] [STDERR]: 	at com.boydti.fawe.Fawe.<init>(Fawe.java:243)
[04:20:58:684] [STDERR]: 	at com.boydti.fawe.Fawe.set(Fawe.java:187)
[04:20:58:684] [STDERR]: 	at com.boydti.fawe.forge.FaweForge.<init>(FaweForge.java:43)
[04:20:58:684] [STDERR]: 	at com.boydti.fawe.forge.ForgeMain.preInit(ForgeMain.java:34)
[04:20:58:684] [STDERR]: 	at java.base/jdk.internal.reflect.DirectMethodHandleAccessor.invoke(DirectMethodHandleAccessor.java:104)
[04:20:58:684] [STDERR]: 	at java.base/java.lang.reflect.Method.invoke(Method.java:565)
[04:20:58:684] [STDERR]: 	at net.minecraftforge.fml.common.FMLModContainer.handleModStateEvent(FMLModContainer.java:663)
[04:20:58:684] [STDERR]: 	at java.base/jdk.internal.reflect.DirectMethodHandleAccessor.invoke(DirectMethodHandleAccessor.java:104)
[04:20:58:684] [STDERR]: 	at java.base/java.lang.reflect.Method.invoke(Method.java:565)
[04:20:58:684] [STDERR]: 	at com.google.common.eventbus.Subscriber.invokeSubscriberMethod(Subscriber.java:84)
[04:20:58:684] [STDERR]: 	at com.google.common.eventbus.Subscriber$SynchronizedSubscriber.invokeSubscriberMethod(Subscriber.java:141)
[04:20:58:684] [STDERR]: 	at com.google.common.eventbus.Subscriber.lambda$dispatchEvent$0(Subscriber.java:70)
[04:20:58:684] [STDERR]: 	at com.google.common.util.concurrent.DirectExecutor.execute(DirectExecutor.java:30)
[04:20:58:684] [STDERR]: 	at com.google.common.eventbus.Subscriber.dispatchEvent(Subscriber.java:67)
[04:20:58:684] [STDERR]: 	at com.google.common.eventbus.Dispatcher$PerThreadQueuedDispatcher.dispatch(Dispatcher.java:112)
[04:20:58:684] [STDERR]: 	at com.google.common.eventbus.EventBus.post(EventBus.java:262)
[04:20:58:684] [STDERR]: 	at net.minecraftforge.fml.common.LoadController.sendEventToModContainer(LoadController.java:318)
[04:20:58:684] [STDERR]: 	at net.minecraftforge.fml.common.LoadController.propogateStateMessage(LoadController.java:296)
[04:20:58:684] [STDERR]: 	at java.base/jdk.internal.reflect.DirectMethodHandleAccessor.invoke(DirectMethodHandleAccessor.java:104)
[04:20:58:684] [STDERR]: 	at java.base/java.lang.reflect.Method.invoke(Method.java:565)
[04:20:58:684] [STDERR]: 	at com.google.common.eventbus.Subscriber.invokeSubscriberMethod(Subscriber.java:84)
[04:20:58:684] [STDERR]: 	at com.google.common.eventbus.Subscriber$SynchronizedSubscriber.invokeSubscriberMethod(Subscriber.java:141)
[04:20:58:684] [STDERR]: 	at com.google.common.eventbus.Subscriber.lambda$dispatchEvent$0(Subscriber.java:70)
[04:20:58:684] [STDERR]: 	at com.google.common.util.concurrent.DirectExecutor.execute(DirectExecutor.java:30)
[04:20:58:684] [STDERR]: 	at com.google.common.eventbus.Subscriber.dispatchEvent(Subscriber.java:67)
[04:20:58:684] [STDERR]: 	at com.google.common.eventbus.Dispatcher$PerThreadQueuedDispatcher.dispatch(Dispatcher.java:112)
[04:20:58:684] [STDERR]: 	at com.google.common.eventbus.EventBus.post(EventBus.java:262)
[04:20:58:684] [STDERR]: 	at net.minecraftforge.fml.common.LoadController.distributeStateMessage(LoadController.java:232)
[04:20:58:684] [STDERR]: 	at net.minecraftforge.fml.common.Loader.preinitializeMods(Loader.java:633)
[04:20:58:684] [STDERR]: 	at net.minecraftforge.fml.client.FMLClientHandler.beginMinecraftLoading(FMLClientHandler.java:256)
[04:20:58:684] [STDERR]: 	at net.minecraft.client.Minecraft.func_71384_a(Minecraft.java:463)
[04:20:58:684] [STDERR]: 	at net.minecraft.client.Minecraft.func_99999_d(Minecraft.java:12151)
[04:20:58:684] [STDERR]: 	at net.minecraft.client.main.Main.main(SourceFile:123)
[04:20:58:684] [STDERR]: 	at top.outlands.foundation.LaunchHandler.launch(LaunchHandler.java:125)
[04:20:58:685] [STDERR]: 	at top.outlands.foundation.boot.Foundation.main(Foundation.java:43)
[04:20:58:685] [STDERR]: 	at org.prismlauncher.launcher.impl.StandardLauncher.launch(StandardLauncher.java:115)
[04:20:58:685] [STDERR]: 	at org.prismlauncher.EntryPoint.listen(EntryPoint.java:129)
[04:20:58:685] [STDERR]: 	at org.prismlauncher.EntryPoint.main(EntryPoint.java:70)
[04:20:59:866] [STDERR]: java.io.IOException: Connection blocked by Fugue!
[04:20:59:866] [STDERR]: 	at com.cleanroommc.fugue.helper.HookHelper.openStream(HookHelper.java:95)
[04:20:59:866] [STDERR]: 	at com.buuz135.industrial.proxy.CommonProxy.readUrl(CommonProxy.java:96)
[04:20:59:866] [STDERR]: 	at com.buuz135.industrial.proxy.CommonProxy.preInit(CommonProxy.java:196)
[04:20:59:866] [STDERR]: 	at com.buuz135.industrial.proxy.client.ClientProxy.preInit(ClientProxy.java:71)
[04:20:59:866] [STDERR]: 	at com.buuz135.industrial.IndustrialForegoing.preInit(IndustrialForegoing.java:86)
[04:20:59:866] [STDERR]: 	at java.base/jdk.internal.reflect.DirectMethodHandleAccessor.invoke(DirectMethodHandleAccessor.java:104)
[04:20:59:866] [STDERR]: 	at java.base/java.lang.reflect.Method.invoke(Method.java:565)
[04:20:59:866] [STDERR]: 	at net.minecraftforge.fml.common.FMLModContainer.handleModStateEvent(FMLModContainer.java:663)
[04:20:59:866] [STDERR]: 	at java.base/jdk.internal.reflect.DirectMethodHandleAccessor.invoke(DirectMethodHandleAccessor.java:104)
[04:20:59:866] [STDERR]: 	at java.base/java.lang.reflect.Method.invoke(Method.java:565)
[04:20:59:866] [STDERR]: 	at com.google.common.eventbus.Subscriber.invokeSubscriberMethod(Subscriber.java:84)
[04:20:59:866] [STDERR]: 	at com.google.common.eventbus.Subscriber$SynchronizedSubscriber.invokeSubscriberMethod(Subscriber.java:141)
[04:20:59:866] [STDERR]: 	at com.google.common.eventbus.Subscriber.lambda$dispatchEvent$0(Subscriber.java:70)
[04:20:59:866] [STDERR]: 	at com.google.common.util.concurrent.DirectExecutor.execute(DirectExecutor.java:30)
[04:20:59:866] [STDERR]: 	at com.google.common.eventbus.Subscriber.dispatchEvent(Subscriber.java:67)
[04:20:59:866] [STDERR]: 	at com.google.common.eventbus.Dispatcher$PerThreadQueuedDispatcher.dispatch(Dispatcher.java:112)
[04:20:59:866] [STDERR]: 	at com.google.common.eventbus.EventBus.post(EventBus.java:262)
[04:20:59:866] [STDERR]: 	at net.minecraftforge.fml.common.LoadController.sendEventToModContainer(LoadController.java:318)
[04:20:59:866] [STDERR]: 	at net.minecraftforge.fml.common.LoadController.propogateStateMessage(LoadController.java:296)
[04:20:59:866] [STDERR]: 	at java.base/jdk.internal.reflect.DirectMethodHandleAccessor.invoke(DirectMethodHandleAccessor.java:104)
[04:20:59:866] [STDERR]: 	at java.base/java.lang.reflect.Method.invoke(Method.java:565)
[04:20:59:866] [STDERR]: 	at com.google.common.eventbus.Subscriber.invokeSubscriberMethod(Subscriber.java:84)
[04:20:59:866] [STDERR]: 	at com.google.common.eventbus.Subscriber$SynchronizedSubscriber.invokeSubscriberMethod(Subscriber.java:141)
[04:20:59:866] [STDERR]: 	at com.google.common.eventbus.Subscriber.lambda$dispatchEvent$0(Subscriber.java:70)
[04:20:59:866] [STDERR]: 	at com.google.common.util.concurrent.DirectExecutor.execute(DirectExecutor.java:30)
[04:20:59:866] [STDERR]: 	at com.google.common.eventbus.Subscriber.dispatchEvent(Subscriber.java:67)
[04:20:59:866] [STDERR]: 	at com.google.common.eventbus.Dispatcher$PerThreadQueuedDispatcher.dispatch(Dispatcher.java:112)
[04:20:59:866] [STDERR]: 	at com.google.common.eventbus.EventBus.post(EventBus.java:262)
[04:20:59:866] [STDERR]: 	at net.minecraftforge.fml.common.LoadController.distributeStateMessage(LoadController.java:232)
[04:20:59:866] [STDERR]: 	at net.minecraftforge.fml.common.Loader.preinitializeMods(Loader.java:633)
[04:20:59:866] [STDERR]: 	at net.minecraftforge.fml.client.FMLClientHandler.beginMinecraftLoading(FMLClientHandler.java:256)
[04:20:59:866] [STDERR]: 	at net.minecraft.client.Minecraft.func_71384_a(Minecraft.java:463)
[04:20:59:866] [STDERR]: 	at net.minecraft.client.Minecraft.func_99999_d(Minecraft.java:12151)
[04:20:59:866] [STDERR]: 	at net.minecraft.client.main.Main.main(SourceFile:123)
[04:20:59:866] [STDERR]: 	at top.outlands.foundation.LaunchHandler.launch(LaunchHandler.java:125)
[04:20:59:866] [STDERR]: 	at top.outlands.foundation.boot.Foundation.main(Foundation.java:43)
[04:20:59:866] [STDERR]: 	at org.prismlauncher.launcher.impl.StandardLauncher.launch(StandardLauncher.java:115)
[04:20:59:866] [STDERR]: 	at org.prismlauncher.EntryPoint.listen(EntryPoint.java:129)
[04:20:59:866] [STDERR]: 	at org.prismlauncher.EntryPoint.main(EntryPoint.java:70)
[04:20:59:934] [STDERR]: com.google.gson.JsonSyntaxException: com.google.gson.stream.MalformedJsonException: Unterminated object at line 15 column 34 path $.parts[1].nbt.input
[04:20:59:934] [STDERR]: See https://github.com/google/gson/blob/main/Troubleshooting.md#malformed-json
[04:20:59:934] [STDERR]: 	at com.google.gson.internal.Streams.parse(Streams.java:58)
[04:20:59:934] [STDERR]: 	at com.google.gson.internal.bind.TreeTypeAdapter.read(TreeTypeAdapter.java:91)
[04:20:59:934] [STDERR]: 	at net.minecraft.util.JsonUtils.func_193838_a(SourceFile:504)
[04:20:59:934] [STDERR]: 	at net.minecraft.util.JsonUtils.func_193837_a(SourceFile:512)
[04:20:59:934] [STDERR]: 	at hellfirepvp.modularmachinery.common.machine.MachineLoader.lambda$registerMachines$0(MachineLoader.java:87)
[04:20:59:934] [STDERR]: 	at java.base/java.util.stream.ForEachOps$ForEachOp$OfRef.accept(ForEachOps.java:186)
[04:20:59:934] [STDERR]: 	at java.base/java.util.Spliterators$ArraySpliterator.forEachRemaining(Spliterators.java:1024)
[04:20:59:934] [STDERR]: 	at java.base/java.util.stream.AbstractPipeline.copyInto(AbstractPipeline.java:570)
[04:20:59:934] [STDERR]: 	at java.base/java.util.stream.ForEachOps$ForEachTask.compute(ForEachOps.java:293)
[04:20:59:934] [STDERR]: 	at java.base/java.util.concurrent.CountedCompleter.exec(CountedCompleter.java:759)
[04:20:59:934] [STDERR]: 	at java.base/java.util.concurrent.ForkJoinTask.doExec(ForkJoinTask.java:511)
[04:20:59:934] [STDERR]: 	at java.base/java.util.concurrent.ForkJoinPool$WorkQueue.helpComplete(ForkJoinPool.java:1537)
[04:20:59:934] [STDERR]: 	at java.base/java.util.concurrent.ForkJoinPool.helpComplete(ForkJoinPool.java:2332)
[04:20:59:934] [STDERR]: 	at java.base/java.util.concurrent.ForkJoinTask.awaitDone(ForkJoinTask.java:497)
[04:20:59:934] [STDERR]: 	at java.base/java.util.concurrent.ForkJoinTask.join(ForkJoinTask.java:666)
[04:20:59:934] [STDERR]: 	at java.base/java.util.concurrent.ForkJoinTask.invoke(ForkJoinTask.java:681)
[04:20:59:934] [STDERR]: 	at java.base/java.util.stream.ForEachOps$ForEachOp.evaluateParallel(ForEachOps.java:162)
[04:20:59:934] [STDERR]: 	at java.base/java.util.stream.ForEachOps$ForEachOp$OfRef.evaluateParallel(ForEachOps.java:176)
[04:20:59:934] [STDERR]: 	at java.base/java.util.stream.AbstractPipeline.evaluate(AbstractPipeline.java:264)
[04:20:59:934] [STDERR]: 	at java.base/java.util.stream.ReferencePipeline.forEach(ReferencePipeline.java:632)
[04:20:59:934] [STDERR]: 	at java.base/java.util.stream.ReferencePipeline$Head.forEach(ReferencePipeline.java:806)
[04:20:59:934] [STDERR]: 	at hellfirepvp.modularmachinery.common.machine.MachineLoader.registerMachines(MachineLoader.java:84)
[04:20:59:934] [STDERR]: 	at hellfirepvp.modularmachinery.common.machine.MachineRegistry.preloadMachines(MachineRegistry.java:72)
[04:20:59:934] [STDERR]: 	at hellfirepvp.modularmachinery.common.CommonProxy.preInit(CommonProxy.java:150)
[04:20:59:934] [STDERR]: 	at hellfirepvp.modularmachinery.client.ClientProxy.preInit(ClientProxy.java:181)
[04:20:59:934] [STDERR]: 	at hellfirepvp.modularmachinery.ModularMachinery.preInit(ModularMachinery.java:140)
[04:20:59:934] [STDERR]: 	at java.base/jdk.internal.reflect.DirectMethodHandleAccessor.invoke(DirectMethodHandleAccessor.java:104)
[04:20:59:934] [STDERR]: 	at java.base/java.lang.reflect.Method.invoke(Method.java:565)
[04:20:59:934] [STDERR]: 	at net.minecraftforge.fml.common.FMLModContainer.handleModStateEvent(FMLModContainer.java:663)
[04:20:59:934] [STDERR]: 	at java.base/jdk.internal.reflect.DirectMethodHandleAccessor.invoke(DirectMethodHandleAccessor.java:104)
[04:20:59:934] [STDERR]: 	at java.base/java.lang.reflect.Method.invoke(Method.java:565)
[04:20:59:934] [STDERR]: 	at com.google.common.eventbus.Subscriber.invokeSubscriberMethod(Subscriber.java:84)
[04:20:59:934] [STDERR]: 	at com.google.common.eventbus.Subscriber$SynchronizedSubscriber.invokeSubscriberMethod(Subscriber.java:141)
[04:20:59:934] [STDERR]: 	at com.google.common.eventbus.Subscriber.lambda$dispatchEvent$0(Subscriber.java:70)
[04:20:59:934] [STDERR]: 	at com.google.common.util.concurrent.DirectExecutor.execute(DirectExecutor.java:30)
[04:20:59:934] [STDERR]: 	at com.google.common.eventbus.Subscriber.dispatchEvent(Subscriber.java:67)
[04:20:59:934] [STDERR]: 	at com.google.common.eventbus.Dispatcher$PerThreadQueuedDispatcher.dispatch(Dispatcher.java:112)
[04:20:59:934] [STDERR]: 	at com.google.common.eventbus.EventBus.post(EventBus.java:262)
[04:20:59:934] [STDERR]: 	at net.minecraftforge.fml.common.LoadController.sendEventToModContainer(LoadController.java:318)
[04:20:59:934] [STDERR]: 	at net.minecraftforge.fml.common.LoadController.propogateStateMessage(LoadController.java:296)
[04:20:59:934] [STDERR]: 	at java.base/jdk.internal.reflect.DirectMethodHandleAccessor.invoke(DirectMethodHandleAccessor.java:104)
[04:20:59:934] [STDERR]: 	at java.base/java.lang.reflect.Method.invoke(Method.java:565)
[04:20:59:934] [STDERR]: 	at com.google.common.eventbus.Subscriber.invokeSubscriberMethod(Subscriber.java:84)
[04:20:59:934] [STDERR]: 	at com.google.common.eventbus.Subscriber$SynchronizedSubscriber.invokeSubscriberMethod(Subscriber.java:141)
[04:20:59:934] [STDERR]: 	at com.google.common.eventbus.Subscriber.lambda$dispatchEvent$0(Subscriber.java:70)
[04:20:59:934] [STDERR]: 	at com.google.common.util.concurrent.DirectExecutor.execute(DirectExecutor.java:30)
[04:20:59:934] [STDERR]: 	at com.google.common.eventbus.Subscriber.dispatchEvent(Subscriber.java:67)
[04:20:59:934] [STDERR]: 	at com.google.common.eventbus.Dispatcher$PerThreadQueuedDispatcher.dispatch(Dispatcher.java:112)
[04:20:59:934] [STDERR]: 	at com.google.common.eventbus.EventBus.post(EventBus.java:262)
[04:20:59:934] [STDERR]: 	at net.minecraftforge.fml.common.LoadController.distributeStateMessage(LoadController.java:232)
[04:20:59:934] [STDERR]: 	at net.minecraftforge.fml.common.Loader.preinitializeMods(Loader.java:633)
[04:20:59:934] [STDERR]: 	at net.minecraftforge.fml.client.FMLClientHandler.beginMinecraftLoading(FMLClientHandler.java:256)
[04:20:59:934] [STDERR]: 	at net.minecraft.client.Minecraft.func_71384_a(Minecraft.java:463)
[04:20:59:934] [STDERR]: 	at net.minecraft.client.Minecraft.func_99999_d(Minecraft.java:12151)
[04:20:59:934] [STDERR]: 	at net.minecraft.client.main.Main.main(SourceFile:123)
[04:20:59:934] [STDERR]: 	at top.outlands.foundation.LaunchHandler.launch(LaunchHandler.java:125)
[04:20:59:934] [STDERR]: 	at top.outlands.foundation.boot.Foundation.main(Foundation.java:43)
[04:20:59:934] [STDERR]: 	at org.prismlauncher.launcher.impl.StandardLauncher.launch(StandardLauncher.java:115)
[04:20:59:934] [STDERR]: 	at org.prismlauncher.EntryPoint.listen(EntryPoint.java:129)
[04:20:59:934] [STDERR]: 	at org.prismlauncher.EntryPoint.main(EntryPoint.java:70)
[04:20:59:934] [STDERR]: Caused by: com.google.gson.stream.MalformedJsonException: Unterminated object at line 15 column 34 path $.parts[1].nbt.input
[04:20:59:934] [STDERR]: See https://github.com/google/gson/blob/main/Troubleshooting.md#malformed-json
[04:20:59:934] [STDERR]: 	at com.google.gson.stream.JsonReader.syntaxError(JsonReader.java:1817)
[04:20:59:934] [STDERR]: 	at com.google.gson.stream.JsonReader.doPeek(JsonReader.java:616)
[04:20:59:934] [STDERR]: 	at com.google.gson.stream.JsonReader.hasNext(JsonReader.java:538)
[04:20:59:934] [STDERR]: 	at com.google.gson.internal.bind.JsonElementTypeAdapter.read(JsonElementTypeAdapter.java:95)
[04:20:59:934] [STDERR]: 	at com.google.gson.internal.bind.JsonElementTypeAdapter.read(JsonElementTypeAdapter.java:35)
[04:20:59:934] [STDERR]: 	at com.google.gson.internal.Streams.parse(Streams.java:46)
[04:20:59:934] [STDERR]: 	... 59 more
[04:21:01:618] [STDERR]: java.lang.RuntimeException: Error while loading entry deepmoblearning:1_machines/2_loot_fabricator
[04:21:01:618] [STDERR]: 	at vazkii.patchouli.client.book.BookContents.lambda$reload$3(BookContents.java:149)
[04:21:01:618] [STDERR]: 	at java.base/java.util.HashMap.forEach(HashMap.java:1430)
[04:21:01:618] [STDERR]: 	at vazkii.patchouli.client.book.BookContents.reload(BookContents.java:145)
[04:21:01:618] [STDERR]: 	at vazkii.patchouli.common.book.Book.reloadContents(Book.java:201)
[04:21:01:618] [STDERR]: 	at java.base/java.util.HashMap$Values.forEach(HashMap.java:1074)
[04:21:01:618] [STDERR]: 	at vazkii.patchouli.common.book.BookRegistry.reload(BookRegistry.java:87)
[04:21:01:618] [STDERR]: 	at vazkii.patchouli.client.book.ClientBookRegistry.func_110549_a(ClientBookRegistry.java:94)
[04:21:01:618] [STDERR]: 	at net.minecraft.client.resources.SimpleReloadableResourceManager.func_110544_b(SimpleReloadableResourceManager.java:137)
[04:21:01:618] [STDERR]: 	at net.minecraft.client.resources.SimpleReloadableResourceManager.func_110541_a(SimpleReloadableResourceManager.java:116)
[04:21:01:618] [STDERR]: 	at com.blakebr0.mysticalagriculture.util.resources.ExternalResourcePack.injectExternalResources(ExternalResourcePack.java:72)
[04:21:01:618] [STDERR]: 	at com.blakebr0.mysticalagriculture.proxy.ClientProxy.preInit(ClientProxy.java:18)
[04:21:01:618] [STDERR]: 	at com.blakebr0.mysticalagriculture.MysticalAgriculture.preInit(MysticalAgriculture.java:43)
[04:21:01:618] [STDERR]: 	at java.base/jdk.internal.reflect.DirectMethodHandleAccessor.invoke(DirectMethodHandleAccessor.java:104)
[04:21:01:618] [STDERR]: 	at java.base/java.lang.reflect.Method.invoke(Method.java:565)
[04:21:01:619] [STDERR]: 	at net.minecraftforge.fml.common.FMLModContainer.handleModStateEvent(FMLModContainer.java:663)
[04:21:01:619] [STDERR]: 	at java.base/jdk.internal.reflect.DirectMethodHandleAccessor.invoke(DirectMethodHandleAccessor.java:104)
[04:21:01:619] [STDERR]: 	at java.base/java.lang.reflect.Method.invoke(Method.java:565)
[04:21:01:619] [STDERR]: 	at com.google.common.eventbus.Subscriber.invokeSubscriberMethod(Subscriber.java:84)
[04:21:01:619] [STDERR]: 	at com.google.common.eventbus.Subscriber$SynchronizedSubscriber.invokeSubscriberMethod(Subscriber.java:141)
[04:21:01:619] [STDERR]: 	at com.google.common.eventbus.Subscriber.lambda$dispatchEvent$0(Subscriber.java:70)
[04:21:01:619] [STDERR]: 	at com.google.common.util.concurrent.DirectExecutor.execute(DirectExecutor.java:30)
[04:21:01:619] [STDERR]: 	at com.google.common.eventbus.Subscriber.dispatchEvent(Subscriber.java:67)
[04:21:01:619] [STDERR]: 	at com.google.common.eventbus.Dispatcher$PerThreadQueuedDispatcher.dispatch(Dispatcher.java:112)
[04:21:01:619] [STDERR]: 	at com.google.common.eventbus.EventBus.post(EventBus.java:262)
[04:21:01:619] [STDERR]: 	at net.minecraftforge.fml.common.LoadController.sendEventToModContainer(LoadController.java:318)
[04:21:01:619] [STDERR]: 	at net.minecraftforge.fml.common.LoadController.propogateStateMessage(LoadController.java:296)
[04:21:01:619] [STDERR]: 	at java.base/jdk.internal.reflect.DirectMethodHandleAccessor.invoke(DirectMethodHandleAccessor.java:104)
[04:21:01:619] [STDERR]: 	at java.base/java.lang.reflect.Method.invoke(Method.java:565)
[04:21:01:619] [STDERR]: 	at com.google.common.eventbus.Subscriber.invokeSubscriberMethod(Subscriber.java:84)
[04:21:01:619] [STDERR]: 	at com.google.common.eventbus.Subscriber$SynchronizedSubscriber.invokeSubscriberMethod(Subscriber.java:141)
[04:21:01:619] [STDERR]: 	at com.google.common.eventbus.Subscriber.lambda$dispatchEvent$0(Subscriber.java:70)
[04:21:01:619] [STDERR]: 	at com.google.common.util.concurrent.DirectExecutor.execute(DirectExecutor.java:30)
[04:21:01:619] [STDERR]: 	at com.google.common.eventbus.Subscriber.dispatchEvent(Subscriber.java:67)
[04:21:01:619] [STDERR]: 	at com.google.common.eventbus.Dispatcher$PerThreadQueuedDispatcher.dispatch(Dispatcher.java:112)
[04:21:01:619] [STDERR]: 	at com.google.common.eventbus.EventBus.post(EventBus.java:262)
[04:21:01:619] [STDERR]: 	at net.minecraftforge.fml.common.LoadController.distributeStateMessage(LoadController.java:232)
[04:21:01:619] [STDERR]: 	at net.minecraftforge.fml.common.Loader.preinitializeMods(Loader.java:633)
[04:21:01:619] [STDERR]: 	at net.minecraftforge.fml.client.FMLClientHandler.beginMinecraftLoading(FMLClientHandler.java:256)
[04:21:01:619] [STDERR]: 	at net.minecraft.client.Minecraft.func_71384_a(Minecraft.java:463)
[04:21:01:619] [STDERR]: 	at net.minecraft.client.Minecraft.func_99999_d(Minecraft.java:12151)
[04:21:01:619] [STDERR]: 	at net.minecraft.client.main.Main.main(SourceFile:123)
[04:21:01:619] [STDERR]: 	at top.outlands.foundation.LaunchHandler.launch(LaunchHandler.java:125)
[04:21:01:619] [STDERR]: 	at top.outlands.foundation.boot.Foundation.main(Foundation.java:43)
[04:21:01:619] [STDERR]: 	at org.prismlauncher.launcher.impl.StandardLauncher.launch(StandardLauncher.java:115)
[04:21:01:619] [STDERR]: 	at org.prismlauncher.EntryPoint.listen(EntryPoint.java:129)
[04:21:01:619] [STDERR]: 	at org.prismlauncher.EntryPoint.main(EntryPoint.java:70)
[04:21:01:619] [STDERR]: Caused by: java.lang.IllegalArgumentException: Template deepmoblearning:recipelookup does not exist
[04:21:01:619] [STDERR]: 	at vazkii.patchouli.client.book.template.BookTemplate.createTemplate(BookTemplate.java:66)
[04:21:01:619] [STDERR]: 	at vazkii.patchouli.client.book.page.PageTemplate.canAdd(PageTemplate.java:47)
[04:21:01:619] [STDERR]: 	at vazkii.patchouli.client.book.BookEntry.build(BookEntry.java:177)
[04:21:01:619] [STDERR]: 	at vazkii.patchouli.client.book.BookContents.lambda$reload$3(BookContents.java:147)
[04:21:01:619] [STDERR]: 	... 45 more
[04:21:01:636] [STDERR]: java.lang.RuntimeException: Error while loading entry twilightforest:bosses/ur_ghast
[04:21:01:636] [STDERR]: 	at vazkii.patchouli.client.book.BookContents.lambda$reload$3(BookContents.java:149)
[04:21:01:636] [STDERR]: 	at java.base/java.util.HashMap.forEach(HashMap.java:1430)
[04:21:01:636] [STDERR]: 	at vazkii.patchouli.client.book.BookContents.reload(BookContents.java:145)
[04:21:01:636] [STDERR]: 	at vazkii.patchouli.common.book.Book.reloadContents(Book.java:201)
[04:21:01:636] [STDERR]: 	at java.base/java.util.HashMap$Values.forEach(HashMap.java:1074)
[04:21:01:636] [STDERR]: 	at vazkii.patchouli.common.book.BookRegistry.reload(BookRegistry.java:87)
[04:21:01:636] [STDERR]: 	at vazkii.patchouli.client.book.ClientBookRegistry.func_110549_a(ClientBookRegistry.java:94)
[04:21:01:636] [STDERR]: 	at net.minecraft.client.resources.SimpleReloadableResourceManager.func_110544_b(SimpleReloadableResourceManager.java:137)
[04:21:01:636] [STDERR]: 	at net.minecraft.client.resources.SimpleReloadableResourceManager.func_110541_a(SimpleReloadableResourceManager.java:116)
[04:21:01:636] [STDERR]: 	at com.blakebr0.mysticalagriculture.util.resources.ExternalResourcePack.injectExternalResources(ExternalResourcePack.java:72)
[04:21:01:636] [STDERR]: 	at com.blakebr0.mysticalagriculture.proxy.ClientProxy.preInit(ClientProxy.java:18)
[04:21:01:636] [STDERR]: 	at com.blakebr0.mysticalagriculture.MysticalAgriculture.preInit(MysticalAgriculture.java:43)
[04:21:01:636] [STDERR]: 	at java.base/jdk.internal.reflect.DirectMethodHandleAccessor.invoke(DirectMethodHandleAccessor.java:104)
[04:21:01:636] [STDERR]: 	at java.base/java.lang.reflect.Method.invoke(Method.java:565)
[04:21:01:636] [STDERR]: 	at net.minecraftforge.fml.common.FMLModContainer.handleModStateEvent(FMLModContainer.java:663)
[04:21:01:636] [STDERR]: 	at java.base/jdk.internal.reflect.DirectMethodHandleAccessor.invoke(DirectMethodHandleAccessor.java:104)
[04:21:01:636] [STDERR]: 	at java.base/java.lang.reflect.Method.invoke(Method.java:565)
[04:21:01:636] [STDERR]: 	at com.google.common.eventbus.Subscriber.invokeSubscriberMethod(Subscriber.java:84)
[04:21:01:636] [STDERR]: 	at com.google.common.eventbus.Subscriber$SynchronizedSubscriber.invokeSubscriberMethod(Subscriber.java:141)
[04:21:01:636] [STDERR]: 	at com.google.common.eventbus.Subscriber.lambda$dispatchEvent$0(Subscriber.java:70)
[04:21:01:636] [STDERR]: 	at com.google.common.util.concurrent.DirectExecutor.execute(DirectExecutor.java:30)
[04:21:01:636] [STDERR]: 	at com.google.common.eventbus.Subscriber.dispatchEvent(Subscriber.java:67)
[04:21:01:636] [STDERR]: 	at com.google.common.eventbus.Dispatcher$PerThreadQueuedDispatcher.dispatch(Dispatcher.java:112)
[04:21:01:636] [STDERR]: 	at com.google.common.eventbus.EventBus.post(EventBus.java:262)
[04:21:01:636] [STDERR]: 	at net.minecraftforge.fml.common.LoadController.sendEventToModContainer(LoadController.java:318)
[04:21:01:636] [STDERR]: 	at net.minecraftforge.fml.common.LoadController.propogateStateMessage(LoadController.java:296)
[04:21:01:636] [STDERR]: 	at java.base/jdk.internal.reflect.DirectMethodHandleAccessor.invoke(DirectMethodHandleAccessor.java:104)
[04:21:01:636] [STDERR]: 	at java.base/java.lang.reflect.Method.invoke(Method.java:565)
[04:21:01:636] [STDERR]: 	at com.google.common.eventbus.Subscriber.invokeSubscriberMethod(Subscriber.java:84)
[04:21:01:636] [STDERR]: 	at com.google.common.eventbus.Subscriber$SynchronizedSubscriber.invokeSubscriberMethod(Subscriber.java:141)
[04:21:01:636] [STDERR]: 	at com.google.common.eventbus.Subscriber.lambda$dispatchEvent$0(Subscriber.java:70)
[04:21:01:636] [STDERR]: 	at com.google.common.util.concurrent.DirectExecutor.execute(DirectExecutor.java:30)
[04:21:01:636] [STDERR]: 	at com.google.common.eventbus.Subscriber.dispatchEvent(Subscriber.java:67)
[04:21:01:636] [STDERR]: 	at com.google.common.eventbus.Dispatcher$PerThreadQueuedDispatcher.dispatch(Dispatcher.java:112)
[04:21:01:636] [STDERR]: 	at com.google.common.eventbus.EventBus.post(EventBus.java:262)
[04:21:01:636] [STDERR]: 	at net.minecraftforge.fml.common.LoadController.distributeStateMessage(LoadController.java:232)
[04:21:01:636] [STDERR]: 	at net.minecraftforge.fml.common.Loader.preinitializeMods(Loader.java:633)
[04:21:01:636] [STDERR]: 	at net.minecraftforge.fml.client.FMLClientHandler.beginMinecraftLoading(FMLClientHandler.java:256)
[04:21:01:636] [STDERR]: 	at net.minecraft.client.Minecraft.func_71384_a(Minecraft.java:463)
[04:21:01:636] [STDERR]: 	at net.minecraft.client.Minecraft.func_99999_d(Minecraft.java:12151)
[04:21:01:636] [STDERR]: 	at net.minecraft.client.main.Main.main(SourceFile:123)
[04:21:01:636] [STDERR]: 	at top.outlands.foundation.LaunchHandler.launch(LaunchHandler.java:125)
[04:21:01:636] [STDERR]: 	at top.outlands.foundation.boot.Foundation.main(Foundation.java:43)
[04:21:01:636] [STDERR]: 	at org.prismlauncher.launcher.impl.StandardLauncher.launch(StandardLauncher.java:115)
[04:21:01:636] [STDERR]: 	at org.prismlauncher.EntryPoint.listen(EntryPoint.java:129)
[04:21:01:636] [STDERR]: 	at org.prismlauncher.EntryPoint.main(EntryPoint.java:70)
[04:21:01:636] [STDERR]: Caused by: java.lang.RuntimeException: Error while loading entry twilightforest:bosses/ur_ghast page 0
[04:21:01:636] [STDERR]: 	at vazkii.patchouli.client.book.BookEntry.build(BookEntry.java:182)
[04:21:01:636] [STDERR]: 	at vazkii.patchouli.client.book.BookContents.lambda$reload$3(BookContents.java:147)
[04:21:01:636] [STDERR]: 	... 45 more
[04:21:01:636] [STDERR]: Caused by: java.lang.NullPointerException: Cannot invoke "net.minecraftforge.fml.common.registry.EntityEntry.getEntityClass()" because the return value of "net.minecraftforge.registries.IForgeRegistry.getValue(net.minecraft.util.ResourceLocation)" is null
[04:21:01:636] [STDERR]: 	at vazkii.patchouli.common.util.EntityUtil.loadEntity(EntityUtil.java:38)
[04:21:01:636] [STDERR]: 	at vazkii.patchouli.client.book.page.PageEntity.build(PageEntity.java:43)
[04:21:01:636] [STDERR]: 	at vazkii.patchouli.client.book.BookEntry.build(BookEntry.java:180)
[04:21:01:636] [STDERR]: 	... 46 more
[04:21:06:259] [STDERR]: java.io.IOException: Error loading metadata for location appliedenergistics2:textures/blocks/drive_cell_states_emissive.png
[04:21:06:260] [STDERR]: 	at team.chisel.ctm.client.util.ResourceUtil.getMetadata(ResourceUtil.java:64)
[04:21:06:260] [STDERR]: 	at team.chisel.ctm.client.util.TextureMetadataHandler.onTextureStitch(TextureMetadataHandler.java:63)
[04:21:06:260] [STDERR]: 	at net.minecraftforge.fml.common.eventhandler.ASMEventHandler.invoke(ASMEventHandler.java:79)
[04:21:06:260] [STDERR]: 	at net.minecraftforge.fml.common.eventhandler.EventBus.post(EventBus.java:204)
[04:21:06:260] [STDERR]: 	at team.chisel.ctm.client.asm.CTMCoreMethods.onSpriteRegister(CTMCoreMethods.java:52)
[04:21:06:260] [STDERR]: 	at net.minecraft.client.renderer.texture.TextureMap.func_174942_a(TextureMap.java:386)
[04:21:06:260] [STDERR]: 	at net.minecraft.client.renderer.texture.TextureMap.registerSpriteWeak(TextureMap.java:2080)
[04:21:06:260] [STDERR]: 	at org.embeddedt.vintagefix.VintageFixClient.registerSpriteSafe(VintageFixClient.java:60)
[04:21:06:260] [STDERR]: 	at org.embeddedt.vintagefix.VintageFixClient.collectTextures(VintageFixClient.java:94)
[04:21:06:260] [STDERR]: 	at net.minecraftforge.fml.common.eventhandler.ASMEventHandler.invoke(ASMEventHandler.java:79)
[04:21:06:260] [STDERR]: 	at net.minecraftforge.fml.common.eventhandler.EventBus.post(EventBus.java:204)
[04:21:06:260] [STDERR]: 	at net.minecraftforge.client.ForgeHooksClient.onTextureStitchedPre(ForgeHooksClient.java:214)
[04:21:06:260] [STDERR]: 	at net.minecraft.client.renderer.texture.TextureMap.func_174943_a(TextureMap.java:83)
[04:21:06:260] [STDERR]: 	at net.minecraft.client.renderer.block.model.ModelManager.func_110549_a(ModelManager.java:1237)
[04:21:06:260] [STDERR]: 	at net.minecraft.client.resources.SimpleReloadableResourceManager.func_110542_a(SimpleReloadableResourceManager.java:126)
[04:21:06:260] [STDERR]: 	at net.minecraft.client.Minecraft.func_71384_a(Minecraft.java:509)
[04:21:06:260] [STDERR]: 	at net.minecraft.client.Minecraft.func_99999_d(Minecraft.java:12151)
[04:21:06:260] [STDERR]: 	at net.minecraft.client.main.Main.main(SourceFile:123)
[04:21:06:260] [STDERR]: 	at top.outlands.foundation.LaunchHandler.launch(LaunchHandler.java:125)
[04:21:06:260] [STDERR]: 	at top.outlands.foundation.boot.Foundation.main(Foundation.java:43)
[04:21:06:260] [STDERR]: 	at org.prismlauncher.launcher.impl.StandardLauncher.launch(StandardLauncher.java:115)
[04:21:06:260] [STDERR]: 	at org.prismlauncher.EntryPoint.listen(EntryPoint.java:129)
[04:21:06:260] [STDERR]: 	at org.prismlauncher.EntryPoint.main(EntryPoint.java:70)
[04:21:06:260] [STDERR]: Caused by: com.google.gson.JsonParseException: Invalid block layer given: "BLOOM"
[04:21:06:260] [STDERR]: 	at team.chisel.ctm.client.texture.IMetadataSectionCTM$V1.fromJson(IMetadataSectionCTM.java:120)
[04:21:06:260] [STDERR]: 	at team.chisel.ctm.client.texture.IMetadataSectionCTM$Serializer.deserialize(IMetadataSectionCTM.java:157)
[04:21:06:260] [STDERR]: 	at team.chisel.ctm.client.texture.IMetadataSectionCTM$Serializer.deserialize(IMetadataSectionCTM.java:146)
[04:21:06:260] [STDERR]: 	at com.google.gson.internal.bind.TreeTypeAdapter.read(TreeTypeAdapter.java:95)
[04:21:06:260] [STDERR]: 	at com.google.gson.Gson.fromJson(Gson.java:1358)
[04:21:06:260] [STDERR]: 	at com.google.gson.Gson.fromJson(Gson.java:1471)
[04:21:06:260] [STDERR]: 	at com.google.gson.Gson.fromJson(Gson.java:1442)
[04:21:06:260] [STDERR]: 	at net.minecraft.client.resources.data.MetadataSerializer.func_110503_a(SourceFile:46)
[04:21:06:260] [STDERR]: 	at net.minecraft.client.resources.SimpleResource.func_110526_a(SimpleResource.java:90)
[04:21:06:260] [STDERR]: 	at team.chisel.ctm.client.util.ResourceUtil.getMetadata(ResourceUtil.java:60)
[04:21:06:260] [STDERR]: 	... 22 more
[04:21:11:329] [STDERR]: java.lang.UnsupportedOperationException: JsonNull
[04:21:11:329] [STDERR]: 	at com.google.gson.JsonElement.getAsString(JsonElement.java:251)
[04:21:11:329] [STDERR]: 	at codechicken.lib.internal.ModDescriptionEnhancer.parse(ModDescriptionEnhancer.java:103)
[04:21:11:329] [STDERR]: 	at codechicken.lib.internal.ModDescriptionEnhancer.lambda$init$0(ModDescriptionEnhancer.java:82)
[04:21:11:329] [STDERR]: 	at java.base/java.lang.Thread.run(Thread.java:1474)
[04:21:14:139] [STDERR]: java.lang.RuntimeException: Error creating shader: ERROR: 0:1: '' :  version '130' is not supported
[04:21:14:139] [STDERR]: 
[04:21:14:139] [STDERR]: 	at flaxbeard.immersivepetroleum.client.ShaderUtil.createShader(ShaderUtil.java:101)
[04:21:14:139] [STDERR]: 	at flaxbeard.immersivepetroleum.client.ShaderUtil.createShader(ShaderUtil.java:46)
[04:21:14:139] [STDERR]: 	at flaxbeard.immersivepetroleum.client.ShaderUtil.init(ShaderUtil.java:22)
[04:21:14:139] [STDERR]: 	at flaxbeard.immersivepetroleum.client.ClientProxy.init(ClientProxy.java:207)
[04:21:14:139] [STDERR]: 	at flaxbeard.immersivepetroleum.ImmersivePetroleum.init(ImmersivePetroleum.java:103)
[04:21:14:139] [STDERR]: 	at java.base/jdk.internal.reflect.DirectMethodHandleAccessor.invoke(DirectMethodHandleAccessor.java:104)
[04:21:14:139] [STDERR]: 	at java.base/java.lang.reflect.Method.invoke(Method.java:565)
[04:21:14:139] [STDERR]: 	at net.minecraftforge.fml.common.FMLModContainer.handleModStateEvent(FMLModContainer.java:663)
[04:21:14:139] [STDERR]: 	at java.base/jdk.internal.reflect.DirectMethodHandleAccessor.invoke(DirectMethodHandleAccessor.java:104)
[04:21:14:139] [STDERR]: 	at java.base/java.lang.reflect.Method.invoke(Method.java:565)
[04:21:14:139] [STDERR]: 	at com.google.common.eventbus.Subscriber.invokeSubscriberMethod(Subscriber.java:84)
[04:21:14:139] [STDERR]: 	at com.google.common.eventbus.Subscriber$SynchronizedSubscriber.invokeSubscriberMethod(Subscriber.java:141)
[04:21:14:139] [STDERR]: 	at com.google.common.eventbus.Subscriber.lambda$dispatchEvent$0(Subscriber.java:70)
[04:21:14:139] [STDERR]: 	at com.google.common.util.concurrent.DirectExecutor.execute(DirectExecutor.java:30)
[04:21:14:139] [STDERR]: 	at com.google.common.eventbus.Subscriber.dispatchEvent(Subscriber.java:67)
[04:21:14:139] [STDERR]: 	at com.google.common.eventbus.Dispatcher$PerThreadQueuedDispatcher.dispatch(Dispatcher.java:112)
[04:21:14:139] [STDERR]: 	at com.google.common.eventbus.EventBus.post(EventBus.java:262)
[04:21:14:139] [STDERR]: 	at net.minecraftforge.fml.common.LoadController.sendEventToModContainer(LoadController.java:318)
[04:21:14:139] [STDERR]: 	at net.minecraftforge.fml.common.LoadController.propogateStateMessage(LoadController.java:296)
[04:21:14:139] [STDERR]: 	at java.base/jdk.internal.reflect.DirectMethodHandleAccessor.invoke(DirectMethodHandleAccessor.java:104)
[04:21:14:139] [STDERR]: 	at java.base/java.lang.reflect.Method.invoke(Method.java:565)
[04:21:14:139] [STDERR]: 	at com.google.common.eventbus.Subscriber.invokeSubscriberMethod(Subscriber.java:84)
[04:21:14:139] [STDERR]: 	at com.google.common.eventbus.Subscriber$SynchronizedSubscriber.invokeSubscriberMethod(Subscriber.java:141)
[04:21:14:139] [STDERR]: 	at com.google.common.eventbus.Subscriber.lambda$dispatchEvent$0(Subscriber.java:70)
[04:21:14:139] [STDERR]: 	at com.google.common.util.concurrent.DirectExecutor.execute(DirectExecutor.java:30)
[04:21:14:139] [STDERR]: 	at com.google.common.eventbus.Subscriber.dispatchEvent(Subscriber.java:67)
[04:21:14:139] [STDERR]: 	at com.google.common.eventbus.Dispatcher$PerThreadQueuedDispatcher.dispatch(Dispatcher.java:112)
[04:21:14:139] [STDERR]: 	at com.google.common.eventbus.EventBus.post(EventBus.java:262)
[04:21:14:139] [STDERR]: 	at net.minecraftforge.fml.common.LoadController.distributeStateMessage(LoadController.java:232)
[04:21:14:139] [STDERR]: 	at net.minecraftforge.fml.common.Loader.initializeMods(Loader.java:754)
[04:21:14:139] [STDERR]: 	at net.minecraftforge.fml.client.FMLClientHandler.finishMinecraftLoading(FMLClientHandler.java:344)
[04:21:14:139] [STDERR]: 	at net.minecraft.client.Minecraft.func_71384_a(Minecraft.java:531)
[04:21:14:139] [STDERR]: 	at net.minecraft.client.Minecraft.func_99999_d(Minecraft.java:12151)
[04:21:14:139] [STDERR]: 	at net.minecraft.client.main.Main.main(SourceFile:123)
[04:21:14:139] [STDERR]: 	at top.outlands.foundation.LaunchHandler.launch(LaunchHandler.java:125)
[04:21:14:139] [STDERR]: 	at top.outlands.foundation.boot.Foundation.main(Foundation.java:43)
[04:21:14:139] [STDERR]: 	at org.prismlauncher.launcher.impl.StandardLauncher.launch(StandardLauncher.java:115)
[04:21:14:139] [STDERR]: 	at org.prismlauncher.EntryPoint.listen(EntryPoint.java:129)
[04:21:14:139] [STDERR]: 	at org.prismlauncher.EntryPoint.main(EntryPoint.java:70)
[04:51:18:318] [STDERR]: java.io.IOException: Error loading metadata for location appliedenergistics2:textures/blocks/drive_cell_states_emissive.png
[04:51:18:318] [STDERR]: 	at team.chisel.ctm.client.util.ResourceUtil.getMetadata(ResourceUtil.java:64)
[04:51:18:318] [STDERR]: 	at team.chisel.ctm.client.util.TextureMetadataHandler.onTextureStitch(TextureMetadataHandler.java:63)
[04:51:18:318] [STDERR]: 	at net.minecraftforge.fml.common.eventhandler.ASMEventHandler.invoke(ASMEventHandler.java:79)
[04:51:18:318] [STDERR]: 	at net.minecraftforge.fml.common.eventhandler.EventBus.post(EventBus.java:204)
[04:51:18:318] [STDERR]: 	at team.chisel.ctm.client.asm.CTMCoreMethods.onSpriteRegister(CTMCoreMethods.java:52)
[04:51:18:318] [STDERR]: 	at net.minecraft.client.renderer.texture.TextureMap.func_174942_a(TextureMap.java:386)
[04:51:18:318] [STDERR]: 	at net.minecraft.client.renderer.texture.TextureMap.registerSpriteWeak(TextureMap.java:2080)
[04:51:18:318] [STDERR]: 	at org.embeddedt.vintagefix.VintageFixClient.registerSpriteSafe(VintageFixClient.java:60)
[04:51:18:318] [STDERR]: 	at org.embeddedt.vintagefix.VintageFixClient.collectTextures(VintageFixClient.java:94)
[04:51:18:318] [STDERR]: 	at net.minecraftforge.fml.common.eventhandler.ASMEventHandler.invoke(ASMEventHandler.java:79)
[04:51:18:318] [STDERR]: 	at net.minecraftforge.fml.common.eventhandler.EventBus.post(EventBus.java:204)
[04:51:18:318] [STDERR]: 	at net.minecraftforge.client.ForgeHooksClient.onTextureStitchedPre(ForgeHooksClient.java:214)
[04:51:18:318] [STDERR]: 	at net.minecraft.client.renderer.texture.TextureMap.func_174943_a(TextureMap.java:83)
[04:51:18:318] [STDERR]: 	at net.minecraft.client.renderer.block.model.ModelManager.func_110549_a(ModelManager.java:1237)
[04:51:18:318] [STDERR]: 	at net.minecraft.client.resources.SimpleReloadableResourceManager.func_110544_b(SimpleReloadableResourceManager.java:137)
[04:51:18:318] [STDERR]: 	at net.minecraft.client.resources.SimpleReloadableResourceManager.func_110541_a(SimpleReloadableResourceManager.java:116)
[04:51:18:318] [STDERR]: 	at net.minecraft.client.Minecraft.func_110436_a(Minecraft.java:787)
[04:51:18:318] [STDERR]: 	at net.minecraft.client.Minecraft.func_184122_c(Minecraft.java:2126)
[04:51:18:318] [STDERR]: 	at net.minecraft.client.Minecraft.func_184118_az(Minecraft.java:1981)
[04:51:18:318] [STDERR]: 	at net.minecraft.client.Minecraft.func_71407_l(Minecraft.java:1820)
[04:51:18:318] [STDERR]: 	at net.minecraft.client.Minecraft.func_71411_J(Minecraft.java:1088)
[04:51:18:318] [STDERR]: 	at net.minecraft.client.Minecraft.func_99999_d(Minecraft.java:12164)
[04:51:18:318] [STDERR]: 	at net.minecraft.client.main.Main.main(SourceFile:123)
[04:51:18:318] [STDERR]: 	at top.outlands.foundation.LaunchHandler.launch(LaunchHandler.java:125)
[04:51:18:318] [STDERR]: 	at top.outlands.foundation.boot.Foundation.main(Foundation.java:43)
[04:51:18:318] [STDERR]: 	at org.prismlauncher.launcher.impl.StandardLauncher.launch(StandardLauncher.java:115)
[04:51:18:318] [STDERR]: 	at org.prismlauncher.EntryPoint.listen(EntryPoint.java:129)
[04:51:18:318] [STDERR]: 	at org.prismlauncher.EntryPoint.main(EntryPoint.java:70)
[04:51:18:318] [STDERR]: Caused by: com.google.gson.JsonParseException: Invalid block layer given: "BLOOM"
[04:51:18:318] [STDERR]: 	at team.chisel.ctm.client.texture.IMetadataSectionCTM$V1.fromJson(IMetadataSectionCTM.java:120)
[04:51:18:318] [STDERR]: 	at team.chisel.ctm.client.texture.IMetadataSectionCTM$Serializer.deserialize(IMetadataSectionCTM.java:157)
[04:51:18:318] [STDERR]: 	at team.chisel.ctm.client.texture.IMetadataSectionCTM$Serializer.deserialize(IMetadataSectionCTM.java:146)
[04:51:18:318] [STDERR]: 	at com.google.gson.internal.bind.TreeTypeAdapter.read(TreeTypeAdapter.java:95)
[04:51:18:318] [STDERR]: 	at com.google.gson.Gson.fromJson(Gson.java:1358)
[04:51:18:318] [STDERR]: 	at com.google.gson.Gson.fromJson(Gson.java:1471)
[04:51:18:318] [STDERR]: 	at com.google.gson.Gson.fromJson(Gson.java:1442)
[04:51:18:318] [STDERR]: 	at net.minecraft.client.resources.data.MetadataSerializer.func_110503_a(SourceFile:46)
[04:51:18:318] [STDERR]: 	at net.minecraft.client.resources.SimpleResource.func_110526_a(SimpleResource.java:90)
[04:51:18:318] [STDERR]: 	at team.chisel.ctm.client.util.ResourceUtil.getMetadata(ResourceUtil.java:60)
[04:51:18:318] [STDERR]: 	... 27 more
