Registered condition and
Registered condition nand
Registered condition or
Registered condition nor
Registered condition xor
Registered condition not
Registered condition comparison
Registered condition random
Registered condition biome
Registered condition local_difficulty
Registered condition game_difficulty
Registered condition mod_installed
Registered value tan
Registered value bitwise_not
Registered value log
Registered value sinh
Registered value cos
Registered value arccos
Registered value ceiling
Registered value arctan
Registered value cosh
Registered value random
Registered value tanh
Registered value abs
Registered value round
Registered value truncate
Registered value sin
Registered value arcsin
Registered value floor
Registered value left_shift
Registered value right_shift
Registered value mod
Registered value bitwise_and
Registered value power
Registered value multiply
Registered value add
Registered value bitwise_or
Registered value minus
Registered value bitwise_xor
Registered value unsigned_right_shift
Registered value divide
Registered value conditional
Registered value weighted_random
Registered value level_nbt
Registered value trader_nbt
Registered value item_1_count
Registered function enchant_randomly
Loading trade table buying.json
Loaded trade {"item_1":{"item":"minecraft:hay_block"},"output":{"item":"minecraft:emerald"},"max_uses":2}
Loaded trade {"item_1":{"item":"minecraft:potion","nbt":"{Potion: \"minecraft:water\"}"},"output":{"item":"minecraft:emerald"},"max_uses":2}
Loaded trade {"item_1":{"item":"minecraft:baked_potato"},"output":{"item":"minecraft:emerald"},"max_uses":2}
Loaded trade {"item_1":{"item":"minecraft:milk_bucket"},"output":{"item":"minecraft:emerald","count":2},"max_uses":2}
Loaded trade {"item_1":{"item":"minecraft:water_bucket"},"output":{"item":"minecraft:emerald","count":2},"max_uses":2}
Loaded trade {"item_1":{"item":"minecraft:fermented_spider_eye"},"output":{"item":"minecraft:emerald","count":3},"max_uses":2}
Loading trade table selling.json
Loaded trade {"item_1":{"item":"minecraft:emerald"},"output":{"item":"minecraft:tallgrass","meta":2},"max_uses":12}
Loaded trade {"item_1":{"item":"minecraft:emerald"},"output":{"item":"minecraft:reeds"},"max_uses":12}
Loaded trade {"item_1":{"item":"minecraft:emerald"},"output":{"item":"minecraft:pumpkin"},"max_uses":4}
Loaded trade {"item_1":{"item":"minecraft:emerald"},"output":{"item":"minecraft:yellow_flower"},"max_uses":12}
Loaded trade {"item_1":{"item":"minecraft:emerald"},"output":{"item":"minecraft:red_flower"},"max_uses":12}
Loaded trade {"item_1":{"item":"minecraft:emerald"},"output":{"item":"minecraft:red_flower","meta":2},"max_uses":12}
Loaded trade {"item_1":{"item":"minecraft:emerald"},"output":{"item":"minecraft:red_flower","meta":3},"max_uses":12}
Loaded trade {"item_1":{"item":"minecraft:emerald"},"output":{"item":"minecraft:red_flower","meta":4},"max_uses":12}
Loaded trade {"item_1":{"item":"minecraft:emerald"},"output":{"item":"minecraft:red_flower","meta":5},"max_uses":12}
Loaded trade {"item_1":{"item":"minecraft:emerald"},"output":{"item":"minecraft:red_flower","meta":6},"max_uses":12}
Loaded trade {"item_1":{"item":"minecraft:emerald"},"output":{"item":"minecraft:red_flower","meta":7},"max_uses":12}
Loaded trade {"item_1":{"item":"minecraft:emerald"},"output":{"item":"minecraft:red_flower","meta":8},"max_uses":12}
Loaded trade {"item_1":{"item":"minecraft:emerald"},"output":{"item":"minecraft:red_flower","meta":1},"max_uses":8}
Loaded trade {"conditions":[{"condition":"mod_installed","value":"futuremc"}],"item_1":{"item":"minecraft:emerald"},"output":{"item":"futuremc:cornflower"},"max_uses":12}
Loaded trade {"conditions":[{"condition":"mod_installed","value":"futuremc"}],"item_1":{"item":"minecraft:emerald"},"output":{"item":"futuremc:lily_of_the_valley"},"max_uses":7}
Loaded trade {"conditions":[{"condition":"mod_installed","value":"palebloom"}],"item_1":{"item":"minecraft:emerald"},"output":{"item":"palebloom:eyeblossom_open"},"max_uses":7}
Loaded trade {"item_1":{"item":"minecraft:emerald"},"output":{"item":"minecraft:wheat_seeds"},"max_uses":12}
Loaded trade {"item_1":{"item":"minecraft:emerald"},"output":{"item":"minecraft:pumpkin_seeds"},"max_uses":12}
Loaded trade {"item_1":{"item":"minecraft:emerald"},"output":{"item":"minecraft:melon_seeds"},"max_uses":12}
Loaded trade {"item_1":{"item":"minecraft:emerald"},"output":{"item":"minecraft:beetroot_seeds"},"max_uses":12}
Loaded trade {"item_1":{"item":"minecraft:emerald"},"output":{"item":"minecraft:dye","meta":{"min":0,"max":15},"count":3},"max_uses":12,"duplicates":true}
Loaded trade {"item_1":{"item":"minecraft:emerald"},"output":{"item":"minecraft:vine","count":3},"max_uses":4}
Loaded trade {"conditions":[{"condition":"mod_installed","value":"palebloom"}],"item_1":{"item":"minecraft:emerald"},"output":{"item":"palebloom:pale_hanging_moss","count":3},"max_uses":4}
Loaded trade {"item_1":{"item":"minecraft:emerald"},"output":{"item":"minecraft:brown_mushroom","count":3},"max_uses":4}
Loaded trade {"item_1":{"item":"minecraft:emerald"},"output":{"item":"minecraft:red_mushroom","count":3},"max_uses":4}
Loaded trade {"item_1":{"item":"minecraft:emerald"},"output":{"item":"minecraft:waterlily","count":5},"max_uses":2}
Loaded trade {"item_1":{"item":"minecraft:emerald"},"output":{"item":"minecraft:sand","count":8},"max_uses":8}
Loaded trade {"item_1":{"item":"minecraft:emerald"},"output":{"item":"minecraft:sand","meta":1,"count":4},"max_uses":6}
Loaded trade {"conditions":[{"condition":"mod_installed","value":"da"}],"item_1":{"item":"minecraft:emerald","count":1},"output":{"item":"da:moss_block","count":2},"max_uses":5}
Loaded trade {"conditions":[{"condition":"mod_installed","value":"palebloom"}],"item_1":{"item":"minecraft:emerald","count":1},"output":{"item":"palebloom:pale_moss_block","count":2},"max_uses":5}
Loaded trade {"conditions":[{"condition":"mod_installed","value":"oe"}],"item_1":{"item":"minecraft:emerald","count":2},"output":{"item":"oe:sea_pickle"},"max_uses":5}
Loaded trade {"conditions":[{"condition":"mod_installed","value":"oe"}],"item_1":{"item":"minecraft:emerald","count":3},"output":{"item":"oe:spawn_bucket","nbt":"{EntityTag: {id: \"oe:tropical_fish\"}}"},"max_uses":4}
Loaded trade {"conditions":[{"condition":"mod_installed","value":"oe"}],"item_1":{"item":"minecraft:emerald","count":3},"output":{"item":"oe:spawn_bucket","nbt":"{EntityTag: {id: \"oe:pufferfish\"}}"},"max_uses":4}
Loaded trade {"conditions":[{"condition":"mod_installed","value":"oe"}],"item_1":{"item":"minecraft:emerald","count":3},"output":{"item":"oe:spawn_bucket","nbt":"{EntityTag: {id: \"oe:crab\"}}"},"max_uses":4}
Loaded trade {"conditions":[{"condition":"mod_installed","value":"oe"}],"item_1":{"item":"minecraft:emerald","count":3},"output":{"item":"oe:spawn_bucket","nbt":"{EntityTag: {id: \"oe:lobster\"}}"},"max_uses":4}
Loaded trade {"conditions":[{"condition":"mod_installed","value":"oe"}],"item_1":{"item":"minecraft:emerald","count":3},"output":{"item":"oe:kelp"},"max_uses":12}
Loaded trade {"item_1":{"item":"minecraft:emerald","count":3},"output":{"item":"minecraft:cactus"},"max_uses":8}
Loaded trade {"item_1":{"item":"minecraft:emerald","count":4},"output":{"item":"minecraft:slime_ball"},"max_uses":5}
Loaded trade {"conditions":[{"condition":"mod_installed","value":"oe"}],"item_1":{"item":"minecraft:emerald","count":5},"output":{"item":"oe:nautilus_shell"},"max_uses":5}
Loaded trade {"item_1":{"item":"minecraft:emerald","count":5},"output":{"ore":"treeSapling"},"max_uses":8,"duplicates":true}
Loaded trade {"item_1":{"item":"minecraft:emerald","count":2},"output":{"item":"minecraft:glowstone"},"max_uses":5}
Loaded trade {"conditions":[{"condition":"mod_installed","value":"oe"}],"item_1":{"item":"minecraft:emerald","count":3},"output":{"item":"oe:blue_coral_block"},"max_uses":8}
Loaded trade {"conditions":[{"condition":"mod_installed","value":"oe"}],"item_1":{"item":"minecraft:emerald","count":3},"output":{"item":"oe:pink_coral_block"},"max_uses":8}
Loaded trade {"conditions":[{"condition":"mod_installed","value":"oe"}],"item_1":{"item":"minecraft:emerald","count":3},"output":{"item":"oe:purple_coral_block"},"max_uses":8}
Loaded trade {"conditions":[{"condition":"mod_installed","value":"oe"}],"item_1":{"item":"minecraft:emerald","count":3},"output":{"item":"oe:red_coral_block"},"max_uses":8}
Loaded trade {"conditions":[{"condition":"mod_installed","value":"oe"}],"item_1":{"item":"minecraft:emerald","count":3},"output":{"item":"oe:yellow_coral_block"},"max_uses":8}
Loading trade table special.json
Loaded trade {"item_1":{"item":"minecraft:emerald"},"output":{"item":"minecraft:packed_ice"},"max_uses":6}
Loaded trade {"item_1":{"item":"minecraft:emerald"},"output":{"item":"minecraft:gunpowder","count":4},"max_uses":2}
Loaded trade {"item_1":{"item":"minecraft:emerald"},"output":{"ore":"logWood","count":8},"max_uses":4,"duplicates":true}
Loaded trade {"item_1":{"item":"minecraft:emerald","count":3},"output":{"item":"minecraft:dirt","meta":2,"count":3},"max_uses":6}
Loaded trade {"item_1":{"item":"minecraft:emerald","count":5},"output":{"item":"minecraft:potion","nbt":"{Potion: \"minecraft:long_invisibility\"}"},"max_uses":1}
Loaded trade {"conditions":[{"condition":"mod_installed","value":"futuremc"}],"item_1":{"item":"minecraft:emerald","count":6},"output":{"item":"futuremc:blue_ice"},"max_uses":6}
Loaded trade {"conditions":[{"condition":"mod_installed","value":"oe"}],"item_1":{"item":"minecraft:emerald","count":6},"output":{"item":"oe:blue_ice"},"max_uses":6}
Loaded trade {"item_1":{"item":"minecraft:emerald","count":{"min":6,"max":20}},"output":{"item":"minecraft:iron_pickaxe","functions":[{"function":"enchant_randomly","level":{"operation":"subtract","value_1":{"type":"item_1_count"},"value2":1}}]},"max_uses":1}
